==122855== Memcheck, a memory error detector
==122855== Copyright (C) 2002-2024, and GNU GPL'd, by Julian Seward et al.
==122855== Using Valgrind-3.26.0-218cee2feb-20251024 and LibVEX; rerun with -h for copyright info
==122855== Command: ./main
==122855== Parent PID: 122222
==122855== 
--122855-- 
--122855-- Valgrind options:
--122855--    --leak-check=full
--122855--    --show-leak-kinds=all
--122855--    --track-origins=yes
--122855--    --verbose
--122855--    --log-file=memcheck.log
--122855-- Contents of /proc/version:
--122855--   Linux version 7.0.0-30-generic (buildd@lcy02-amd64-048) (x86_64-linux-gnu-gcc (Ubuntu 15.2.0-16ubuntu1) 15.2.0, GNU ld (GNU Binutils for Ubuntu) 2.46) #30-Ubuntu SMP PREEMPT_DYNAMIC Fri Jul 31 18:22:54 UTC 2026
--122855-- 
--122855-- Arch and hwcaps: AMD64, LittleEndian, amd64-cx16-rdtscp-sse3-ssse3-avx-f16c
--122855-- Page sizes: currently 4096, max supported 4096
--122855-- Valgrind library directory: /usr/libexec/valgrind
--122855-- Reading syms from /home/ha-duy-phuoc-anh/Desktop/CP/CODEFORCES/546C/main
--122855-- Reading syms from /usr/lib/x86_64-linux-gnu/ld-linux-x86-64.so.2
--122855--   Considering /usr/lib/debug/.build-id/d4/bfd49ced9d6e19bb77f23bf6872b8d270a9712.debug ..
--122855--   .. build-id is valid
--122855-- Reading syms from /usr/libexec/valgrind/memcheck-amd64-linux
--122855--    object doesn't have a dynamic symbol table
--122855-- Scheduler: using generic scheduler lock implementation.
--122855-- Reading suppressions file: /usr/libexec/valgrind/default.supp
==122855== embedded gdbserver: reading from /tmp/vgdb-pipe-from-vgdb-to-122855-by-ha-duy-phuoc-anh-on-???
==122855== embedded gdbserver: writing to   /tmp/vgdb-pipe-to-vgdb-from-122855-by-ha-duy-phuoc-anh-on-???
==122855== embedded gdbserver: shared mem   /tmp/vgdb-pipe-shared-mem-vgdb-122855-by-ha-duy-phuoc-anh-on-???
==122855== 
==122855== TO CONTROL THIS PROCESS USING vgdb (which you probably
==122855== don't want to do, unless you know exactly what you're doing,
==122855== or are doing some strange experiment):
==122855==   /usr/bin/vgdb --pid=122855 ...command...
==122855== 
==122855== TO DEBUG THIS PROCESS USING GDB: start GDB like this
==122855==   /path/to/gdb ./main
==122855== and then give GDB the following command
==122855==   target remote | /usr/bin/vgdb --pid=122855
==122855== --pid is optional if only one valgrind process is running
==122855== 
--122855-- REDIR: 0x403db60 (ld-linux-x86-64.so.2:strlen) redirected to 0x580cad02 (???)
--122855-- REDIR: 0x403c520 (ld-linux-x86-64.so.2:strcmp) redirected to 0x580cad1c (???)
--122855-- REDIR: 0x403c2f0 (ld-linux-x86-64.so.2:index) redirected to 0x580cad55 (???)
--122855-- Reading syms from /usr/libexec/valgrind/vgpreload_core-amd64-linux.so
--122855-- Reading syms from /usr/libexec/valgrind/vgpreload_memcheck-amd64-linux.so
==122855== WARNING: new redirection conflicts with existing -- ignoring it
--122855--     old: 0x0403c520 (strcmp              ) R-> (0000.0) 0x580cad1c ???
--122855--     new: 0x0403c520 (strcmp              ) R-> (2016.0) 0x048676b0 strcmp
==122855== WARNING: new redirection conflicts with existing -- ignoring it
--122855--     old: 0x0403db60 (strlen              ) R-> (0000.0) 0x580cad02 ???
--122855--     new: 0x0403db60 (strlen              ) R-> (2007.0) 0x04866280 strlen
--122855-- REDIR: 0x403b950 (ld-linux-x86-64.so.2:mempcpy) redirected to 0x486be40 (mempcpy)
--122855-- Reading syms from /usr/lib/x86_64-linux-gnu/libasan.so.8.0.0
--122855-- Reading syms from /usr/lib/x86_64-linux-gnu/libstdc++.so.6.0.35
--122855-- Reading syms from /usr/lib/x86_64-linux-gnu/libm.so.6
--122855-- Reading syms from /usr/lib/x86_64-linux-gnu/libgcc_s.so.1
--122855-- Reading syms from /usr/lib/x86_64-linux-gnu/libc.so.6
--122855--   Considering /usr/lib/debug/.build-id/24/0c8909736b31f963346aca80667fd00c551e32.debug ..
--122855--   .. build-id is valid
--122855-- REDIR: 0x403dd00 (ld-linux-x86-64.so.2:strncmp) redirected to 0x4866e50 (strncmp)
--122855-- REDIR: 0x5448a00 (libc.so.6:strnlen) redirected to 0x48531c0 (_vgnU_ifunc_wrapper)
--122855-- REDIR: 0x5448a80 (libc.so.6:strpbrk) redirected to 0x48531c0 (_vgnU_ifunc_wrapper)
--122855-- REDIR: 0x5446ac0 (libc.so.6:strcmp) redirected to 0x48531c0 (_vgnU_ifunc_wrapper)
--122855-- REDIR: 0x545fef0 (libc.so.6:wcsnlen) redirected to 0x48531c0 (_vgnU_ifunc_wrapper)
--122855-- REDIR: 0x5445b20 (libc.so.6:memset) redirected to 0x48531c0 (_vgnU_ifunc_wrapper)
--122855-- REDIR: 0x545f5b0 (libc.so.6:wcslen) redirected to 0x48531c0 (_vgnU_ifunc_wrapper)
--122855-- REDIR: 0x54d0850 (libc.so.6:__memcpy_chk) redirected to 0x48531c0 (_vgnU_ifunc_wrapper)
--122855-- REDIR: 0x5445aa0 (libc.so.6:memrchr) redirected to 0x48531c0 (_vgnU_ifunc_wrapper)
--122855-- REDIR: 0x545fe80 (libc.so.6:wcsncpy) redirected to 0x48531c0 (_vgnU_ifunc_wrapper)
--122855-- REDIR: 0x5444f00 (libc.so.6:memcpy@@GLIBC_2.14) redirected to 0x48531c0 (_vgnU_ifunc_wrapper)
--122855-- REDIR: 0x545e3d0 (libc.so.6:wcschr) redirected to 0x48531c0 (_vgnU_ifunc_wrapper)
--122855-- REDIR: 0x54469c0 (libc.so.6:index) redirected to 0x48531c0 (_vgnU_ifunc_wrapper)
--122855-- REDIR: 0x5448ab0 (libc.so.6:rindex) redirected to 0x48531c0 (_vgnU_ifunc_wrapper)
--122855-- REDIR: 0x545e470 (libc.so.6:wcscmp) redirected to 0x48531c0 (_vgnU_ifunc_wrapper)
--122855-- REDIR: 0x5445d80 (libc.so.6:stpncpy) redirected to 0x48531c0 (_vgnU_ifunc_wrapper)
--122855-- REDIR: 0x546d750 (libc.so.6:wmemchr) redirected to 0x48531c0 (_vgnU_ifunc_wrapper)
--122855-- REDIR: 0x54488a0 (libc.so.6:strncmp) redirected to 0x48531c0 (_vgnU_ifunc_wrapper)
--122855-- REDIR: 0x5445de0 (libc.so.6:strcasecmp) redirected to 0x48531c0 (_vgnU_ifunc_wrapper)
--122855-- REDIR: 0x5447ba0 (libc.so.6:strcspn) redirected to 0x48531c0 (_vgnU_ifunc_wrapper)
--122855-- REDIR: 0x545f390 (libc.so.6:wcscpy) redirected to 0x48531c0 (_vgnU_ifunc_wrapper)
--122855-- REDIR: 0x5446950 (libc.so.6:strcat) redirected to 0x48531c0 (_vgnU_ifunc_wrapper)
--122855-- REDIR: 0x54487a0 (libc.so.6:strncasecmp_l) redirected to 0x48531c0 (_vgnU_ifunc_wrapper)
--122855-- REDIR: 0x5446a40 (libc.so.6:strchrnul) redirected to 0x48531c0 (_vgnU_ifunc_wrapper)
--122855-- REDIR: 0x5444e10 (libc.so.6:bcmp) redirected to 0x48531c0 (_vgnU_ifunc_wrapper)
--122855-- REDIR: 0x5447b30 (libc.so.6:strcpy) redirected to 0x48531c0 (_vgnU_ifunc_wrapper)
--122855-- REDIR: 0x5445e80 (libc.so.6:strcasecmp_l) redirected to 0x48531c0 (_vgnU_ifunc_wrapper)
--122855-- REDIR: 0x5448680 (libc.so.6:strlen) redirected to 0x48531c0 (_vgnU_ifunc_wrapper)
--122855-- REDIR: 0x5448940 (libc.so.6:strncpy) redirected to 0x48531c0 (_vgnU_ifunc_wrapper)
--122855-- REDIR: 0x546d7d0 (libc.so.6:wmemcmp) redirected to 0x48531c0 (_vgnU_ifunc_wrapper)
--122855-- REDIR: 0x54d0960 (libc.so.6:__memmove_chk) redirected to 0x48531c0 (_vgnU_ifunc_wrapper)
==122855== WARNING: new redirection conflicts with existing -- ignoring it
--122855--     old: 0x0544e560 (__memcpy_chk_sse2_un) R-> (2030.0) 0x0486bf50 __memcpy_chk
--122855--     new: 0x0544e560 (__memcpy_chk_sse2_un) R-> (2024.0) 0x0486b820 __memmove_chk
--122855-- REDIR: 0x5445d10 (libc.so.6:stpcpy) redirected to 0x48531c0 (_vgnU_ifunc_wrapper)
--122855-- REDIR: 0x5445880 (libc.so.6:memmove) redirected to 0x48531c0 (_vgnU_ifunc_wrapper)
--122855-- REDIR: 0x5444d90 (libc.so.6:memchr) redirected to 0x48531c0 (_vgnU_ifunc_wrapper)
--122855-- REDIR: 0x5448cb0 (libc.so.6:strspn) redirected to 0x48531c0 (_vgnU_ifunc_wrapper)
--122855-- REDIR: 0x545ddf0 (libc.so.6:wcpncpy) redirected to 0x48531c0 (_vgnU_ifunc_wrapper)
--122855-- REDIR: 0x5445990 (libc.so.6:mempcpy) redirected to 0x48531c0 (_vgnU_ifunc_wrapper)
--122855-- REDIR: 0x5448700 (libc.so.6:strncasecmp) redirected to 0x48531c0 (_vgnU_ifunc_wrapper)
--122855-- REDIR: 0x49b12e0 (libasan.so.8:free) redirected to 0x485f850 (free)
==122855== 
==122855== HEAP SUMMARY:
==122855==     in use at exit: 0 bytes in 0 blocks
==122855==   total heap usage: 0 allocs, 0 frees, 0 bytes allocated
==122855== 
==122855== All heap blocks were freed -- no leaks are possible
==122855== 
==122855== ERROR SUMMARY: 0 errors from 0 contexts (suppressed: 0 from 0)
